// Vitest Snapshot v1

exports[`interferes prop types from default values 1`] = `
{
  "array": [
    1,
    2,
    3,
  ],
  "bool": true,
  "number": 1,
  "obj": {
    "hello": "world",
  },
  "string": "text",
}
`;

exports[`parses props 1`] = `
{
  "array": [
    1,
    2,
    3,
  ],
  "bool": true,
  "number": 1,
  "obj": {
    "hello": "world",
  },
  "string": "text",
}
`;

exports[`provides default values for props 1`] = `
{
  "array": [],
  "bool": true,
  "number": 10,
  "obj": {},
  "string": "hello",
}
`;
